{"op_code":0,"worker_id":"5c57b641-22a9-47a8-80b8-db9c785487b1-140037709906048","study_name":"window_1","directions":[2]}
{"op_code":4,"worker_id":"5c57b641-22a9-47a8-80b8-db9c785487b1-140037709906048","study_id":0,"datetime_start":"2026-09-30T17:18:07.044016+00:00"}
{"op_code":5,"worker_id":"5c57b641-22a9-47a8-80b8-db9c785487b1-140037709906048","trial_id":0,"param_name":"lookback","param_value_internal":0.0,"distribution":"{\"name\": \"IntDistribution\", \"attributes\": {\"log\": false, \"step\": 1, \"low\": 0, \"high\": 2}}"}
{"op_code":5,"worker_id":"5c57b641-22a9-47a8-80b8-db9c785487b1-140037709906048","trial_id":0,"param_name":"threshold","param_value_internal":4.0,"distribution":"{\"name\": \"IntDistribution\", \"attributes\": {\"log\": false, \"step\": 1, \"low\": 0, \"high\": 6}}"}
{"op_code":5,"worker_id":"5c57b641-22a9-47a8-80b8-db9c785487b1-140037709906048","trial_id":0,"param_name":"alpha","param_value_internal":0.0,"distribution":"{\"name\": \"IntDistribution\", \"attributes\": {\"log\": false, \"step\": 1, \"low\": 0, \"high\": 3}}"}
{"op_code":5,"worker_id":"5c57b641-22a9-47a8-80b8-db9c785487b1-140037709906048","trial_id":0,"param_name":"z_window","param_value_internal":0.0,"distribution":"{\"name\": \"IntDistribution\", \"attributes\": {\"log\": false, \"step\": 1, \"low\": 0, \"high\": 2}}"}
{"op_code":5,"worker_id":"5c57b641-22a9-47a8-80b8-db9c785487b1-140037709906048","trial_id":0,"param_name":"entry_z","param_value_internal":2.0,"distribution":"{\"name\": \"IntDistribution\", \"attributes\": {\"log\": false, \"step\": 1, \"low\": 0, \"high\": 6}}"}
{"op_code":5,"worker_id":"5c57b641-22a9-47a8-80b8-db9c785487b1-140037709906048","trial_id":0,"param_name":"exit_z","param_value_internal":4.0,"distribution":"{\"name\": \"IntDistribution\", \"attributes\": {\"log\": false, \"step\": 1, \"low\": 0, \"high\": 4}}"}
{"op_code":5,"worker_id":"5c57b641-22a9-47a8-80b8-db9c785487b1-140037709906048","trial_id":0,"param_name":"max_hold","param_value_internal":2.0,"distribution":"{\"name\": \"IntDistribution\", \"attributes\": {\"log\": false, \"step\": 1, \"low\": 0, \"high\": 3}}"}
{"op_code":5,"worker_id":"5c57b641-22a9-47a8-80b8-db9c785487b1-140037709906048","trial_id":0,"param_name":"stop_k","param_value_internal":3.0,"distribution":"{\"name\": \"IntDistribution\", \"attributes\": {\"log\": false, \"step\": 1, \"low\": 0, \"high\": 6}}"}
{"op_code":7,"worker_id":"5c57b641-22a9-47a8-80b8-db9c785487b1-140037709906048","trial_id":0,"step":1,"intermediate_value":-1.2396041803602693}
{"op_code":7,"worker_id":"5c57b641-22a9-47a8-80b8-db9c785487b1-140037709906048","trial_id":0,"step":2,"intermediate_value":-0.262934026668466}
{"op_code":8,"worker_id":"5c57b641-22a9-47a8-80b8-db9c785487b1-140037709906048","trial_id":0,"user_attr":{"n_trades":3160}}
{"op_code":8,"worker_id":"5c57b641-22a9-47a8-80b8-db9c785487b1-140037709906048","trial_id":0,"user_attr":{"cagr":-0.04695310913453299}}
{"op_code":8,"worker_id":"5c57b641-22a9-47a8-80b8-db9c785487b1-140037709906048","trial_id":0,"user_attr":{"max_drawdown":-0.1747488149775741}}
{"op_code":8,"worker_id":"5c57b641-22a9-47a8-80b8-db9c785487b1-140037709906048","trial_id":0,"user_attr":{"sharpe_raw":-0.7009316177933832}}
{"op_code":6,"worker_id":"5c57b641-22a9-47a8-80b8-db9c785487b1-140037709906048","trial_id":0,"state":1,"values":[-0.7009316177933832],"datetime_complete":"2026-09-30T17:18:09.596728+00:00"}
{"op_code":4,"worker_id":"5c57b641-22a9-47a8-80b8-db9c785487b1-140037709906048","study_id":0,"datetime_start":"2026-09-30T17:18:09.598162+00:00"}
{"op_code":5,"worker_id":"5c57b641-22a9-47a8-80b8-db9c785487b1-140037709906048","trial_id":1,"param_name":"lookback","param_value_internal":0.0,"distribution":"{\"name\": \"IntDistribution\", \"attributes\": {\"log\": false, \"step\": 1, \"low\": 0, \"high\": 2}}"}
{"op_code":5,"worker_id":"5c57b641-22a9-47a8-80b8-db9c785487b1-140037709906048","trial_id":1,"param_name":"threshold","param_value_internal":5.0,"distribution":"{\"name\": \"IntDistribution\", \"attributes\": {\"log\": false, \"step\": 1, \"low\": 0, \"high\": 6}}"}
{"op_code":5,"worker_id":"5c57b641-22a9-47a8-80b8-db9c785487b1-140037709906048","trial_id":1,"param_name":"alpha","param_value_internal":1.0,"distribution":"{\"name\": \"IntDistribution\", \"attributes\": {\"log\": false, \"step\": 1, \"low\": 0, \"high\": 3}}"}
{"op_code":5,"worker_id":"5c57b641-22a9-47a8-80b8-db9c785487b1-140037709906048","trial_id":1,"param_name":"z_window","param_value_internal":2.0,"distribution":"{\"name\": \"IntDistribution\", \"attributes\": {\"log\": false, \"step\": 1, \"low\": 0, \"high\": 2}}"}
{"op_code":5,"worker_id":"5c57b641-22a9-47a8-80b8-db9c785487b1-140037709906048","trial_id":1,"param_name":"entry_z","param_value_internal":1.0,"distribution":"{\"name\": \"IntDistribution\", \"attributes\": {\"log\": false, \"step\": 1, \"low\": 0, \"high\": 6}}"}
{"op_code":5,"worker_id":"5c57b641-22a9-47a8-80b8-db9c785487b1-140037709906048","trial_id":1,"param_name":"exit_z","param_value_internal":0.0,"distribution":"{\"name\": \"IntDistribution\", \"attributes\": {\"log\": false, \"step\": 1, \"low\": 0, \"high\": 4}}"}
{"op_code":5,"worker_id":"5c57b641-22a9-47a8-80b8-db9c785487b1-140037709906048","trial_id":1,"param_name":"max_hold","param_value_internal":3.0,"distribution":"{\"name\": \"IntDistribution\", \"attributes\": {\"log\": false, \"step\": 1, \"low\": 0, \"high\": 3}}"}
{"op_code":5,"worker_id":"5c57b641-22a9-47a8-80b8-db9c785487b1-140037709906048","trial_id":1,"param_name":"stop_k","param_value_internal":1.0,"distribution":"{\"name\": \"IntDistribution\", \"attributes\": {\"log\": false, \"step\": 1, \"low\": 0, \"high\": 6}}"}
{"op_code":7,"worker_id":"5c57b641-22a9-47a8-80b8-db9c785487b1-140037709906048","trial_id":1,"step":1,"intermediate_value":-0.7430498047258103}
{"op_code":7,"worker_id":"5c57b641-22a9-47a8-80b8-db9c785487b1-140037709906048","trial_id":1,"step":2,"intermediate_value":-0.6463987588954131}
{"op_code":8,"worker_id":"5c57b641-22a9-47a8-80b8-db9c785487b1-140037709906048","trial_id":1,"user_attr":{"n_trades":2539}}
{"op_code":8,"worker_id":"5c57b641-22a9-47a8-80b8-db9c785487b1-140037709906048","trial_id":1,"user_attr":{"cagr":-0.048512040183008254}}
{"op_code":8,"worker_id":"5c57b641-22a9-47a8-80b8-db9c785487b1-140037709906048","trial_id":1,"user_attr":{"max_drawdown":-0.17451523838885175}}
{"op_code":8,"worker_id":"5c57b641-22a9-47a8-80b8-db9c785487b1-140037709906048","trial_id":1,"user_attr":{"sharpe_raw":-0.6940656521100034}}
{"op_code":6,"worker_id":"5c57b641-22a9-47a8-80b8-db9c785487b1-140037709906048","trial_id":1,"state":1,"values":[-0.6940656521100034],"datetime_complete":"2026-09-30T17:18:12.149859+00:00"}
{"op_code":4,"worker_id":"5c57b641-22a9-47a8-80b8-db9c785487b1-140037709906048","study_id":0,"datetime_start":"2026-09-30T17:18:12.151132+00:00"}
{"op_code":5,"worker_id":"5c57b641-22a9-47a8-80b8-db9c785487b1-140037709906048","trial_id":2,"param_name":"lookback","param_value_internal":1.0,"distribution":"{\"name\": \"IntDistribution\", \"attributes\": {\"log\": false, \"step\": 1, \"low\": 0, \"high\": 2}}"}
{"op_code":5,"worker_id":"5c57b641-22a9-47a8-80b8-db9c785487b1-140037709906048","trial_id":2,"param_name":"threshold","param_value_internal":2.0,"distribution":"{\"name\": \"IntDistribution\", \"attributes\": {\"log\": false, \"step\": 1, \"low\": 0, \"high\": 6}}"}
{"op_code":5,"worker_id":"5c57b641-22a9-47a8-80b8-db9c785487b1-140037709906048","trial_id":2,"param_name":"alpha","param_value_internal":0.0,"distribution":"{\"name\": \"IntDistribution\", \"attributes\": {\"log\": false, \"step\": 1, \"low\": 0, \"high\": 3}}"}
{"op_code":5,"worker_id":"5c57b641-22a9-47a8-80b8-db9c785487b1-140037709906048","trial_id":2,"param_name":"z_window","param_value_internal":2.0,"distribution":"{\"name\": \"IntDistribution\", \"attributes\": {\"log\": false, \"step\": 1, \"low\": 0, \"high\": 2}}"}
{"op_code":5,"worker_id":"5c57b641-22a9-47a8-80b8-db9c785487b1-140037709906048","trial_id":2,"param_name":"entry_z","param_value_internal":5.0,"distribution":"{\"name\": \"IntDistribution\", \"attributes\": {\"log\": false, \"step\": 1, \"low\": 0, \"high\": 6}}"}
{"op_code":5,"worker_id":"5c57b641-22a9-47a8-80b8-db9c785487b1-140037709906048","trial_id":2,"param_name":"exit_z","param_value_internal":4.0,"distribution":"{\"name\": \"IntDistribution\", \"attributes\": {\"log\": false, \"step\": 1, \"low\": 0, \"high\": 4}}"}
{"op_code":5,"worker_id":"5c57b641-22a9-47a8-80b8-db9c785487b1-140037709906048","trial_id":2,"param_name":"max_hold","param_value_internal":1.0,"distribution":"{\"name\": \"IntDistribution\", \"attributes\": {\"log\": false, \"step\": 1, \"low\": 0, \"high\": 3}}"}
{"op_code":5,"worker_id":"5c57b641-22a9-47a8-80b8-db9c785487b1-140037709906048","trial_id":2,"param_name":"stop_k","param_value_internal":6.0,"distribution":"{\"name\": \"IntDistribution\", \"attributes\": {\"log\": false, \"step\": 1, \"low\": 0, \"high\": 6}}"}
{"op_code":7,"worker_id":"5c57b641-22a9-47a8-80b8-db9c785487b1-140037709906048","trial_id":2,"step":1,"intermediate_value":-1.3220902792303928}
{"op_code":7,"worker_id":"5c57b641-22a9-47a8-80b8-db9c785487b1-140037709906048","trial_id":2,"step":2,"intermediate_value":-0.6258291307977508}
{"op_code":8,"worker_id":"5c57b641-22a9-47a8-80b8-db9c785487b1-140037709906048","trial_id":2,"user_attr":{"n_trades":2488}}
{"op_code":8,"worker_id":"5c57b641-22a9-47a8-80b8-db9c785487b1-140037709906048","trial_id":2,"user_attr":{"cagr":-0.048770236859688065}}
{"op_code":8,"worker_id":"5c57b641-22a9-47a8-80b8-db9c785487b1-140037709906048","trial_id":2,"user_attr":{"max_drawdown":-0.20725747598955124}}
{"op_code":8,"worker_id":"5c57b641-22a9-47a8-80b8-db9c785487b1-140037709906048","trial_id":2,"user_attr":{"sharpe_raw":-0.7115409033522485}}
{"op_code":6,"worker_id":"5c57b641-22a9-47a8-80b8-db9c785487b1-140037709906048","trial_id":2,"state":1,"values":[-0.7115409033522485],"datetime_complete":"2026-09-30T17:18:14.934450+00:00"}
{"op_code":4,"worker_id":"5c57b641-22a9-47a8-80b8-db9c785487b1-140037709906048","study_id":0,"datetime_start":"2026-09-30T17:18:14.935480+00:00"}
{"op_code":5,"worker_id":"5c57b641-22a9-47a8-80b8-db9c785487b1-140037709906048","trial_id":3,"param_name":"lookback","param_value_internal":1.0,"distribution":"{\"name\": \"IntDistribution\", \"attributes\": {\"log\": false, \"step\": 1, \"low\": 0, \"high\": 2}}"}
{"op_code":5,"worker_id":"5c57b641-22a9-47a8-80b8-db9c785487b1-140037709906048","trial_id":3,"param_name":"threshold","param_value_internal":4.0,"distribution":"{\"name\": \"IntDistribution\", \"attributes\": {\"log\": false, \"step\": 1, \"low\": 0, \"high\": 6}}"}
{"op_code":5,"worker_id":"5c57b641-22a9-47a8-80b8-db9c785487b1-140037709906048","trial_id":3,"param_name":"alpha","param_value_internal":0.0,"distribution":"{\"name\": \"IntDistribution\", \"attributes\": {\"log\": false, \"step\": 1, \"low\": 0, \"high\": 3}}"}
{"op_code":5,"worker_id":"5c57b641-22a9-47a8-80b8-db9c785487b1-140037709906048","trial_id":3,"param_name":"z_window","param_value_internal":2.0,"distribution":"{\"name\": \"IntDistribution\", \"attributes\": {\"log\": false, \"step\": 1, \"low\": 0, \"high\": 2}}"}
{"op_code":5,"worker_id":"5c57b641-22a9-47a8-80b8-db9c785487b1-140037709906048","trial_id":3,"param_name":"entry_z","param_value_internal":2.0,"distribution":"{\"name\": \"IntDistribution\", \"attributes\": {\"log\": false, \"step\": 1, \"low\": 0, \"high\": 6}}"}
{"op_code":5,"worker_id":"5c57b641-22a9-47a8-80b8-db9c785487b1-140037709906048","trial_id":3,"param_name":"exit_z","param_value_internal":1.0,"distribution":"{\"name\": \"IntDistribution\", \"attributes\": {\"log\": false, \"step\": 1, \"low\": 0, \"high\": 4}}"}
{"op_code":5,"worker_id":"5c57b641-22a9-47a8-80b8-db9c785487b1-140037709906048","trial_id":3,"param_name":"max_hold","param_value_internal":0.0,"distribution":"{\"name\": \"IntDistribution\", \"attributes\": {\"log\": false, \"step\": 1, \"low\": 0, \"high\": 3}}"}
{"op_code":5,"worker_id":"5c57b641-22a9-47a8-80b8-db9c785487b1-140037709906048","trial_id":3,"param_name":"stop_k","param_value_internal":3.0,"distribution":"{\"name\": \"IntDistribution\", \"attributes\": {\"log\": false, \"step\": 1, \"low\": 0, \"high\": 6}}"}
