{"op_code":0,"worker_id":"31d02e95-3b20-4a74-8bd0-8148d7391235-140037709906048","study_name":"window_0","directions":[2]}
{"op_code":4,"worker_id":"31d02e95-3b20-4a74-8bd0-8148d7391235-140037709906048","study_id":0,"datetime_start":"2026-09-30T17:18:07.044228+00:00"}
{"op_code":5,"worker_id":"31d02e95-3b20-4a74-8bd0-8148d7391235-140037709906048","trial_id":0,"param_name":"lookback","param_value_internal":1.0,"distribution":"{\"name\": \"IntDistribution\", \"attributes\": {\"log\": false, \"step\": 1, \"low\": 0, \"high\": 2}}"}
{"op_code":5,"worker_id":"31d02e95-3b20-4a74-8bd0-8148d7391235-140037709906048","trial_id":0,"param_name":"threshold","param_value_internal":6.0,"distribution":"{\"name\": \"IntDistribution\", \"attributes\": {\"log\": false, \"step\": 1, \"low\": 0, \"high\": 6}}"}
{"op_code":5,"worker_id":"31d02e95-3b20-4a74-8bd0-8148d7391235-140037709906048","trial_id":0,"param_name":"alpha","param_value_internal":2.0,"distribution":"{\"name\": \"IntDistribution\", \"attributes\": {\"log\": false, \"step\": 1, \"low\": 0, \"high\": 3}}"}
{"op_code":5,"worker_id":"31d02e95-3b20-4a74-8bd0-8148d7391235-140037709906048","trial_id":0,"param_name":"z_window","param_value_internal":1.0,"distribution":"{\"name\": \"IntDistribution\", \"attributes\": {\"log\": false, \"step\": 1, \"low\": 0, \"high\": 2}}"}
{"op_code":5,"worker_id":"31d02e95-3b20-4a74-8bd0-8148d7391235-140037709906048","trial_id":0,"param_name":"entry_z","param_value_internal":1.0,"distribution":"{\"name\": \"IntDistribution\", \"attributes\": {\"log\": false, \"step\": 1, \"low\": 0, \"high\": 6}}"}
{"op_code":5,"worker_id":"31d02e95-3b20-4a74-8bd0-8148d7391235-140037709906048","trial_id":0,"param_name":"exit_z","param_value_internal":0.0,"distribution":"{\"name\": \"IntDistribution\", \"attributes\": {\"log\": false, \"step\": 1, \"low\": 0, \"high\": 4}}"}
{"op_code":5,"worker_id":"31d02e95-3b20-4a74-8bd0-8148d7391235-140037709906048","trial_id":0,"param_name":"max_hold","param_value_internal":0.0,"distribution":"{\"name\": \"IntDistribution\", \"attributes\": {\"log\": false, \"step\": 1, \"low\": 0, \"high\": 3}}"}
{"op_code":5,"worker_id":"31d02e95-3b20-4a74-8bd0-8148d7391235-140037709906048","trial_id":0,"param_name":"stop_k","param_value_internal":6.0,"distribution":"{\"name\": \"IntDistribution\", \"attributes\": {\"log\": false, \"step\": 1, \"low\": 0, \"high\": 6}}"}
{"op_code":7,"worker_id":"31d02e95-3b20-4a74-8bd0-8148d7391235-140037709906048","trial_id":0,"step":1,"intermediate_value":-1.4545994221611194}
{"op_code":7,"worker_id":"31d02e95-3b20-4a74-8bd0-8148d7391235-140037709906048","trial_id":0,"step":2,"intermediate_value":-1.1093031703599072}
{"op_code":8,"worker_id":"31d02e95-3b20-4a74-8bd0-8148d7391235-140037709906048","trial_id":0,"user_attr":{"n_trades":2338}}
{"op_code":8,"worker_id":"31d02e95-3b20-4a74-8bd0-8148d7391235-140037709906048","trial_id":0,"user_attr":{"cagr":-0.038689382235856606}}
{"op_code":8,"worker_id":"31d02e95-3b20-4a74-8bd0-8148d7391235-140037709906048","trial_id":0,"user_attr":{"max_drawdown":-0.1904497158878793}}
{"op_code":8,"worker_id":"31d02e95-3b20-4a74-8bd0-8148d7391235-140037709906048","trial_id":0,"user_attr":{"sharpe_raw":-0.5733926474141214}}
{"op_code":6,"worker_id":"31d02e95-3b20-4a74-8bd0-8148d7391235-140037709906048","trial_id":0,"state":1,"values":[-0.5733926474141214],"datetime_complete":"2026-09-30T17:18:10.178703+00:00"}
{"op_code":4,"worker_id":"31d02e95-3b20-4a74-8bd0-8148d7391235-140037709906048","study_id":0,"datetime_start":"2026-09-30T17:18:10.179652+00:00"}
{"op_code":5,"worker_id":"31d02e95-3b20-4a74-8bd0-8148d7391235-140037709906048","trial_id":1,"param_name":"lookback","param_value_internal":1.0,"distribution":"{\"name\": \"IntDistribution\", \"attributes\": {\"log\": false, \"step\": 1, \"low\": 0, \"high\": 2}}"}
{"op_code":5,"worker_id":"31d02e95-3b20-4a74-8bd0-8148d7391235-140037709906048","trial_id":1,"param_name":"threshold","param_value_internal":4.0,"distribution":"{\"name\": \"IntDistribution\", \"attributes\": {\"log\": false, \"step\": 1, \"low\": 0, \"high\": 6}}"}
{"op_code":5,"worker_id":"31d02e95-3b20-4a74-8bd0-8148d7391235-140037709906048","trial_id":1,"param_name":"alpha","param_value_internal":0.0,"distribution":"{\"name\": \"IntDistribution\", \"attributes\": {\"log\": false, \"step\": 1, \"low\": 0, \"high\": 3}}"}
{"op_code":5,"worker_id":"31d02e95-3b20-4a74-8bd0-8148d7391235-140037709906048","trial_id":1,"param_name":"z_window","param_value_internal":2.0,"distribution":"{\"name\": \"IntDistribution\", \"attributes\": {\"log\": false, \"step\": 1, \"low\": 0, \"high\": 2}}"}
{"op_code":5,"worker_id":"31d02e95-3b20-4a74-8bd0-8148d7391235-140037709906048","trial_id":1,"param_name":"entry_z","param_value_internal":5.0,"distribution":"{\"name\": \"IntDistribution\", \"attributes\": {\"log\": false, \"step\": 1, \"low\": 0, \"high\": 6}}"}
{"op_code":5,"worker_id":"31d02e95-3b20-4a74-8bd0-8148d7391235-140037709906048","trial_id":1,"param_name":"exit_z","param_value_internal":1.0,"distribution":"{\"name\": \"IntDistribution\", \"attributes\": {\"log\": false, \"step\": 1, \"low\": 0, \"high\": 4}}"}
{"op_code":5,"worker_id":"31d02e95-3b20-4a74-8bd0-8148d7391235-140037709906048","trial_id":1,"param_name":"max_hold","param_value_internal":0.0,"distribution":"{\"name\": \"IntDistribution\", \"attributes\": {\"log\": false, \"step\": 1, \"low\": 0, \"high\": 3}}"}
{"op_code":5,"worker_id":"31d02e95-3b20-4a74-8bd0-8148d7391235-140037709906048","trial_id":1,"param_name":"stop_k","param_value_internal":1.0,"distribution":"{\"name\": \"IntDistribution\", \"attributes\": {\"log\": false, \"step\": 1, \"low\": 0, \"high\": 6}}"}
{"op_code":7,"worker_id":"31d02e95-3b20-4a74-8bd0-8148d7391235-140037709906048","trial_id":1,"step":1,"intermediate_value":-1.8406059059563742}
{"op_code":7,"worker_id":"31d02e95-3b20-4a74-8bd0-8148d7391235-140037709906048","trial_id":1,"step":2,"intermediate_value":-1.3427381143166248}
{"op_code":8,"worker_id":"31d02e95-3b20-4a74-8bd0-8148d7391235-140037709906048","trial_id":1,"user_attr":{"n_trades":2184}}
{"op_code":8,"worker_id":"31d02e95-3b20-4a74-8bd0-8148d7391235-140037709906048","trial_id":1,"user_attr":{"cagr":-0.07167956920035545}}
{"op_code":8,"worker_id":"31d02e95-3b20-4a74-8bd0-8148d7391235-140037709906048","trial_id":1,"user_attr":{"max_drawdown":-0.2320418549148605}}
{"op_code":8,"worker_id":"31d02e95-3b20-4a74-8bd0-8148d7391235-140037709906048","trial_id":1,"user_attr":{"sharpe_raw":-1.2016604559324287}}
{"op_code":6,"worker_id":"31d02e95-3b20-4a74-8bd0-8148d7391235-140037709906048","trial_id":1,"state":1,"values":[-1.2016604559324287],"datetime_complete":"2026-09-30T17:18:12.968611+00:00"}
{"op_code":4,"worker_id":"31d02e95-3b20-4a74-8bd0-8148d7391235-140037709906048","study_id":0,"datetime_start":"2026-09-30T17:18:12.969928+00:00"}
{"op_code":5,"worker_id":"31d02e95-3b20-4a74-8bd0-8148d7391235-140037709906048","trial_id":2,"param_name":"lookback","param_value_internal":0.0,"distribution":"{\"name\": \"IntDistribution\", \"attributes\": {\"log\": false, \"step\": 1, \"low\": 0, \"high\": 2}}"}
{"op_code":5,"worker_id":"31d02e95-3b20-4a74-8bd0-8148d7391235-140037709906048","trial_id":2,"param_name":"threshold","param_value_internal":3.0,"distribution":"{\"name\": \"IntDistribution\", \"attributes\": {\"log\": false, \"step\": 1, \"low\": 0, \"high\": 6}}"}
{"op_code":5,"worker_id":"31d02e95-3b20-4a74-8bd0-8148d7391235-140037709906048","trial_id":2,"param_name":"alpha","param_value_internal":1.0,"distribution":"{\"name\": \"IntDistribution\", \"attributes\": {\"log\": false, \"step\": 1, \"low\": 0, \"high\": 3}}"}
{"op_code":5,"worker_id":"31d02e95-3b20-4a74-8bd0-8148d7391235-140037709906048","trial_id":2,"param_name":"z_window","param_value_internal":0.0,"distribution":"{\"name\": \"IntDistribution\", \"attributes\": {\"log\": false, \"step\": 1, \"low\": 0, \"high\": 2}}"}
{"op_code":5,"worker_id":"31d02e95-3b20-4a74-8bd0-8148d7391235-140037709906048","trial_id":2,"param_name":"entry_z","param_value_internal":4.0,"distribution":"{\"name\": \"IntDistribution\", \"attributes\": {\"log\": false, \"step\": 1, \"low\": 0, \"high\": 6}}"}
{"op_code":5,"worker_id":"31d02e95-3b20-4a74-8bd0-8148d7391235-140037709906048","trial_id":2,"param_name":"exit_z","param_value_internal":0.0,"distribution":"{\"name\": \"IntDistribution\", \"attributes\": {\"log\": false, \"step\": 1, \"low\": 0, \"high\": 4}}"}
{"op_code":5,"worker_id":"31d02e95-3b20-4a74-8bd0-8148d7391235-140037709906048","trial_id":2,"param_name":"max_hold","param_value_internal":1.0,"distribution":"{\"name\": \"IntDistribution\", \"attributes\": {\"log\": false, \"step\": 1, \"low\": 0, \"high\": 3}}"}
{"op_code":5,"worker_id":"31d02e95-3b20-4a74-8bd0-8148d7391235-140037709906048","trial_id":2,"param_name":"stop_k","param_value_internal":2.0,"distribution":"{\"name\": \"IntDistribution\", \"attributes\": {\"log\": false, \"step\": 1, \"low\": 0, \"high\": 6}}"}
{"op_code":7,"worker_id":"31d02e95-3b20-4a74-8bd0-8148d7391235-140037709906048","trial_id":2,"step":1,"intermediate_value":-2.6291892542357505}
{"op_code":7,"worker_id":"31d02e95-3b20-4a74-8bd0-8148d7391235-140037709906048","trial_id":2,"step":2,"intermediate_value":-2.3796990578688635}
{"op_code":8,"worker_id":"31d02e95-3b20-4a74-8bd0-8148d7391235-140037709906048","trial_id":2,"user_attr":{"n_trades":2320}}
{"op_code":8,"worker_id":"31d02e95-3b20-4a74-8bd0-8148d7391235-140037709906048","trial_id":2,"user_attr":{"cagr":-0.11026315854768931}}
{"op_code":8,"worker_id":"31d02e95-3b20-4a74-8bd0-8148d7391235-140037709906048","trial_id":2,"user_attr":{"max_drawdown":-0.3455404927327105}}
{"op_code":8,"worker_id":"31d02e95-3b20-4a74-8bd0-8148d7391235-140037709906048","trial_id":2,"user_attr":{"sharpe_raw":-1.71084657397037}}
{"op_code":6,"worker_id":"31d02e95-3b20-4a74-8bd0-8148d7391235-140037709906048","trial_id":2,"state":1,"values":[-1.71084657397037],"datetime_complete":"2026-09-30T17:18:15.063724+00:00"}
{"op_code":4,"worker_id":"31d02e95-3b20-4a74-8bd0-8148d7391235-140037709906048","study_id":0,"datetime_start":"2026-09-30T17:18:15.064427+00:00"}
{"op_code":5,"worker_id":"31d02e95-3b20-4a74-8bd0-8148d7391235-140037709906048","trial_id":3,"param_name":"lookback","param_value_internal":1.0,"distribution":"{\"name\": \"IntDistribution\", \"attributes\": {\"log\": false, \"step\": 1, \"low\": 0, \"high\": 2}}"}
{"op_code":5,"worker_id":"31d02e95-3b20-4a74-8bd0-8148d7391235-140037709906048","trial_id":3,"param_name":"threshold","param_value_internal":5.0,"distribution":"{\"name\": \"IntDistribution\", \"attributes\": {\"log\": false, \"step\": 1, \"low\": 0, \"high\": 6}}"}
{"op_code":5,"worker_id":"31d02e95-3b20-4a74-8bd0-8148d7391235-140037709906048","trial_id":3,"param_name":"alpha","param_value_internal":0.0,"distribution":"{\"name\": \"IntDistribution\", \"attributes\": {\"log\": false, \"step\": 1, \"low\": 0, \"high\": 3}}"}
{"op_code":5,"worker_id":"31d02e95-3b20-4a74-8bd0-8148d7391235-140037709906048","trial_id":3,"param_name":"z_window","param_value_internal":1.0,"distribution":"{\"name\": \"IntDistribution\", \"attributes\": {\"log\": false, \"step\": 1, \"low\": 0, \"high\": 2}}"}
{"op_code":5,"worker_id":"31d02e95-3b20-4a74-8bd0-8148d7391235-140037709906048","trial_id":3,"param_name":"entry_z","param_value_internal":4.0,"distribution":"{\"name\": \"IntDistribution\", \"attributes\": {\"log\": false, \"step\": 1, \"low\": 0, \"high\": 6}}"}
{"op_code":5,"worker_id":"31d02e95-3b20-4a74-8bd0-8148d7391235-140037709906048","trial_id":3,"param_name":"exit_z","param_value_internal":0.0,"distribution":"{\"name\": \"IntDistribution\", \"attributes\": {\"log\": false, \"step\": 1, \"low\": 0, \"high\": 4}}"}
{"op_code":5,"worker_id":"31d02e95-3b20-4a74-8bd0-8148d7391235-140037709906048","trial_id":3,"param_name":"max_hold","param_value_internal":2.0,"distribution":"{\"name\": \"IntDistribution\", \"attributes\": {\"log\": false, \"step\": 1, \"low\": 0, \"high\": 3}}"}
{"op_code":5,"worker_id":"31d02e95-3b20-4a74-8bd0-8148d7391235-140037709906048","trial_id":3,"param_name":"stop_k","param_value_internal":1.0,"distribution":"{\"name\": \"IntDistribution\", \"attributes\": {\"log\": false, \"step\": 1, \"low\": 0, \"high\": 6}}"}
