{"op_code":0,"worker_id":"4b0df93d-2430-42db-801d-f46db7b11970-140037709906048","study_name":"window_2","directions":[2]}
{"op_code":4,"worker_id":"4b0df93d-2430-42db-801d-f46db7b11970-140037709906048","study_id":0,"datetime_start":"2026-09-30T17:18:07.044499+00:00"}
{"op_code":5,"worker_id":"4b0df93d-2430-42db-801d-f46db7b11970-140037709906048","trial_id":0,"param_name":"lookback","param_value_internal":2.0,"distribution":"{\"name\": \"IntDistribution\", \"attributes\": {\"log\": false, \"step\": 1, \"low\": 0, \"high\": 2}}"}
{"op_code":5,"worker_id":"4b0df93d-2430-42db-801d-f46db7b11970-140037709906048","trial_id":0,"param_name":"threshold","param_value_internal":0.0,"distribution":"{\"name\": \"IntDistribution\", \"attributes\": {\"log\": false, \"step\": 1, \"low\": 0, \"high\": 6}}"}
{"op_code":5,"worker_id":"4b0df93d-2430-42db-801d-f46db7b11970-140037709906048","trial_id":0,"param_name":"alpha","param_value_internal":2.0,"distribution":"{\"name\": \"IntDistribution\", \"attributes\": {\"log\": false, \"step\": 1, \"low\": 0, \"high\": 3}}"}
{"op_code":5,"worker_id":"4b0df93d-2430-42db-801d-f46db7b11970-140037709906048","trial_id":0,"param_name":"z_window","param_value_internal":1.0,"distribution":"{\"name\": \"IntDistribution\", \"attributes\": {\"log\": false, \"step\": 1, \"low\": 0, \"high\": 2}}"}
{"op_code":5,"worker_id":"4b0df93d-2430-42db-801d-f46db7b11970-140037709906048","trial_id":0,"param_name":"entry_z","param_value_internal":2.0,"distribution":"{\"name\": \"IntDistribution\", \"attributes\": {\"log\": false, \"step\": 1, \"low\": 0, \"high\": 6}}"}
{"op_code":5,"worker_id":"4b0df93d-2430-42db-801d-f46db7b11970-140037709906048","trial_id":0,"param_name":"exit_z","param_value_internal":3.0,"distribution":"{\"name\": \"IntDistribution\", \"attributes\": {\"log\": false, \"step\": 1, \"low\": 0, \"high\": 4}}"}
{"op_code":5,"worker_id":"4b0df93d-2430-42db-801d-f46db7b11970-140037709906048","trial_id":0,"param_name":"max_hold","param_value_internal":1.0,"distribution":"{\"name\": \"IntDistribution\", \"attributes\": {\"log\": false, \"step\": 1, \"low\": 0, \"high\": 3}}"}
{"op_code":5,"worker_id":"4b0df93d-2430-42db-801d-f46db7b11970-140037709906048","trial_id":0,"param_name":"stop_k","param_value_internal":2.0,"distribution":"{\"name\": \"IntDistribution\", \"attributes\": {\"log\": false, \"step\": 1, \"low\": 0, \"high\": 6}}"}
{"op_code":7,"worker_id":"4b0df93d-2430-42db-801d-f46db7b11970-140037709906048","trial_id":0,"step":1,"intermediate_value":0.23334697544565075}
{"op_code":7,"worker_id":"4b0df93d-2430-42db-801d-f46db7b11970-140037709906048","trial_id":0,"step":2,"intermediate_value":-0.9312003830798329}
{"op_code":8,"worker_id":"4b0df93d-2430-42db-801d-f46db7b11970-140037709906048","trial_id":0,"user_attr":{"n_trades":2596}}
{"op_code":8,"worker_id":"4b0df93d-2430-42db-801d-f46db7b11970-140037709906048","trial_id":0,"user_attr":{"cagr":-0.030544467406668052}}
{"op_code":8,"worker_id":"4b0df93d-2430-42db-801d-f46db7b11970-140037709906048","trial_id":0,"user_attr":{"max_drawdown":-0.1992171024733611}}
{"op_code":8,"worker_id":"4b0df93d-2430-42db-801d-f46db7b11970-140037709906048","trial_id":0,"user_attr":{"sharpe_raw":-0.3737718271160371}}
{"op_code":6,"worker_id":"4b0df93d-2430-42db-801d-f46db7b11970-140037709906048","trial_id":0,"state":1,"values":[-0.3737718271160371],"datetime_complete":"2026-09-30T17:18:10.874162+00:00"}
{"op_code":4,"worker_id":"4b0df93d-2430-42db-801d-f46db7b11970-140037709906048","study_id":0,"datetime_start":"2026-09-30T17:18:10.876232+00:00"}
{"op_code":5,"worker_id":"4b0df93d-2430-42db-801d-f46db7b11970-140037709906048","trial_id":1,"param_name":"lookback","param_value_internal":1.0,"distribution":"{\"name\": \"IntDistribution\", \"attributes\": {\"log\": false, \"step\": 1, \"low\": 0, \"high\": 2}}"}
{"op_code":5,"worker_id":"4b0df93d-2430-42db-801d-f46db7b11970-140037709906048","trial_id":1,"param_name":"threshold","param_value_internal":4.0,"distribution":"{\"name\": \"IntDistribution\", \"attributes\": {\"log\": false, \"step\": 1, \"low\": 0, \"high\": 6}}"}
{"op_code":5,"worker_id":"4b0df93d-2430-42db-801d-f46db7b11970-140037709906048","trial_id":1,"param_name":"alpha","param_value_internal":3.0,"distribution":"{\"name\": \"IntDistribution\", \"attributes\": {\"log\": false, \"step\": 1, \"low\": 0, \"high\": 3}}"}
{"op_code":5,"worker_id":"4b0df93d-2430-42db-801d-f46db7b11970-140037709906048","trial_id":1,"param_name":"z_window","param_value_internal":1.0,"distribution":"{\"name\": \"IntDistribution\", \"attributes\": {\"log\": false, \"step\": 1, \"low\": 0, \"high\": 2}}"}
{"op_code":5,"worker_id":"4b0df93d-2430-42db-801d-f46db7b11970-140037709906048","trial_id":1,"param_name":"entry_z","param_value_internal":2.0,"distribution":"{\"name\": \"IntDistribution\", \"attributes\": {\"log\": false, \"step\": 1, \"low\": 0, \"high\": 6}}"}
{"op_code":5,"worker_id":"4b0df93d-2430-42db-801d-f46db7b11970-140037709906048","trial_id":1,"param_name":"exit_z","param_value_internal":0.0,"distribution":"{\"name\": \"IntDistribution\", \"attributes\": {\"log\": false, \"step\": 1, \"low\": 0, \"high\": 4}}"}
{"op_code":5,"worker_id":"4b0df93d-2430-42db-801d-f46db7b11970-140037709906048","trial_id":1,"param_name":"max_hold","param_value_internal":0.0,"distribution":"{\"name\": \"IntDistribution\", \"attributes\": {\"log\": false, \"step\": 1, \"low\": 0, \"high\": 3}}"}
{"op_code":5,"worker_id":"4b0df93d-2430-42db-801d-f46db7b11970-140037709906048","trial_id":1,"param_name":"stop_k","param_value_internal":6.0,"distribution":"{\"name\": \"IntDistribution\", \"attributes\": {\"log\": false, \"step\": 1, \"low\": 0, \"high\": 6}}"}
{"op_code":7,"worker_id":"4b0df93d-2430-42db-801d-f46db7b11970-140037709906048","trial_id":1,"step":1,"intermediate_value":0.556269856739011}
{"op_code":7,"worker_id":"4b0df93d-2430-42db-801d-f46db7b11970-140037709906048","trial_id":1,"step":2,"intermediate_value":-0.02111697955731362}
{"op_code":8,"worker_id":"4b0df93d-2430-42db-801d-f46db7b11970-140037709906048","trial_id":1,"user_attr":{"n_trades":2100}}
{"op_code":8,"worker_id":"4b0df93d-2430-42db-801d-f46db7b11970-140037709906048","trial_id":1,"user_attr":{"cagr":0.03742148602283413}}
{"op_code":8,"worker_id":"4b0df93d-2430-42db-801d-f46db7b11970-140037709906048","trial_id":1,"user_attr":{"max_drawdown":-0.12071263132782106}}
{"op_code":8,"worker_id":"4b0df93d-2430-42db-801d-f46db7b11970-140037709906048","trial_id":1,"user_attr":{"sharpe_raw":0.5034438784548958}}
{"op_code":6,"worker_id":"4b0df93d-2430-42db-801d-f46db7b11970-140037709906048","trial_id":1,"state":1,"values":[0.5034438784548958],"datetime_complete":"2026-09-30T17:18:13.532128+00:00"}
{"op_code":4,"worker_id":"4b0df93d-2430-42db-801d-f46db7b11970-140037709906048","study_id":0,"datetime_start":"2026-09-30T17:18:13.532831+00:00"}
{"op_code":5,"worker_id":"4b0df93d-2430-42db-801d-f46db7b11970-140037709906048","trial_id":2,"param_name":"lookback","param_value_internal":2.0,"distribution":"{\"name\": \"IntDistribution\", \"attributes\": {\"log\": false, \"step\": 1, \"low\": 0, \"high\": 2}}"}
{"op_code":5,"worker_id":"4b0df93d-2430-42db-801d-f46db7b11970-140037709906048","trial_id":2,"param_name":"threshold","param_value_internal":6.0,"distribution":"{\"name\": \"IntDistribution\", \"attributes\": {\"log\": false, \"step\": 1, \"low\": 0, \"high\": 6}}"}
{"op_code":5,"worker_id":"4b0df93d-2430-42db-801d-f46db7b11970-140037709906048","trial_id":2,"param_name":"alpha","param_value_internal":2.0,"distribution":"{\"name\": \"IntDistribution\", \"attributes\": {\"log\": false, \"step\": 1, \"low\": 0, \"high\": 3}}"}
{"op_code":5,"worker_id":"4b0df93d-2430-42db-801d-f46db7b11970-140037709906048","trial_id":2,"param_name":"z_window","param_value_internal":0.0,"distribution":"{\"name\": \"IntDistribution\", \"attributes\": {\"log\": false, \"step\": 1, \"low\": 0, \"high\": 2}}"}
{"op_code":5,"worker_id":"4b0df93d-2430-42db-801d-f46db7b11970-140037709906048","trial_id":2,"param_name":"entry_z","param_value_internal":4.0,"distribution":"{\"name\": \"IntDistribution\", \"attributes\": {\"log\": false, \"step\": 1, \"low\": 0, \"high\": 6}}"}
{"op_code":5,"worker_id":"4b0df93d-2430-42db-801d-f46db7b11970-140037709906048","trial_id":2,"param_name":"exit_z","param_value_internal":0.0,"distribution":"{\"name\": \"IntDistribution\", \"attributes\": {\"log\": false, \"step\": 1, \"low\": 0, \"high\": 4}}"}
{"op_code":5,"worker_id":"4b0df93d-2430-42db-801d-f46db7b11970-140037709906048","trial_id":2,"param_name":"max_hold","param_value_internal":1.0,"distribution":"{\"name\": \"IntDistribution\", \"attributes\": {\"log\": false, \"step\": 1, \"low\": 0, \"high\": 3}}"}
{"op_code":5,"worker_id":"4b0df93d-2430-42db-801d-f46db7b11970-140037709906048","trial_id":2,"param_name":"stop_k","param_value_internal":6.0,"distribution":"{\"name\": \"IntDistribution\", \"attributes\": {\"log\": false, \"step\": 1, \"low\": 0, \"high\": 6}}"}
