{"op_code":0,"worker_id":"675bd118-19e6-4d3a-8633-cdd0ad918fad-140037709906048","study_name":"window_4","directions":[2]}
{"op_code":4,"worker_id":"675bd118-19e6-4d3a-8633-cdd0ad918fad-140037709906048","study_id":0,"datetime_start":"2026-09-30T17:19:13.087671+00:00"}
{"op_code":5,"worker_id":"675bd118-19e6-4d3a-8633-cdd0ad918fad-140037709906048","trial_id":0,"param_name":"lookback","param_value_internal":2.0,"distribution":"{\"name\": \"IntDistribution\", \"attributes\": {\"log\": false, \"step\": 1, \"low\": 0, \"high\": 2}}"}
{"op_code":5,"worker_id":"675bd118-19e6-4d3a-8633-cdd0ad918fad-140037709906048","trial_id":0,"param_name":"threshold","param_value_internal":4.0,"distribution":"{\"name\": \"IntDistribution\", \"attributes\": {\"log\": false, \"step\": 1, \"low\": 0, \"high\": 6}}"}
{"op_code":5,"worker_id":"675bd118-19e6-4d3a-8633-cdd0ad918fad-140037709906048","trial_id":0,"param_name":"alpha","param_value_internal":0.0,"distribution":"{\"name\": \"IntDistribution\", \"attributes\": {\"log\": false, \"step\": 1, \"low\": 0, \"high\": 3}}"}
{"op_code":5,"worker_id":"675bd118-19e6-4d3a-8633-cdd0ad918fad-140037709906048","trial_id":0,"param_name":"z_window","param_value_internal":2.0,"distribution":"{\"name\": \"IntDistribution\", \"attributes\": {\"log\": false, \"step\": 1, \"low\": 0, \"high\": 2}}"}
{"op_code":5,"worker_id":"675bd118-19e6-4d3a-8633-cdd0ad918fad-140037709906048","trial_id":0,"param_name":"entry_z","param_value_internal":2.0,"distribution":"{\"name\": \"IntDistribution\", \"attributes\": {\"log\": false, \"step\": 1, \"low\": 0, \"high\": 6}}"}
{"op_code":5,"worker_id":"675bd118-19e6-4d3a-8633-cdd0ad918fad-140037709906048","trial_id":0,"param_name":"exit_z","param_value_internal":4.0,"distribution":"{\"name\": \"IntDistribution\", \"attributes\": {\"log\": false, \"step\": 1, \"low\": 0, \"high\": 4}}"}
{"op_code":5,"worker_id":"675bd118-19e6-4d3a-8633-cdd0ad918fad-140037709906048","trial_id":0,"param_name":"max_hold","param_value_internal":0.0,"distribution":"{\"name\": \"IntDistribution\", \"attributes\": {\"log\": false, \"step\": 1, \"low\": 0, \"high\": 3}}"}
{"op_code":5,"worker_id":"675bd118-19e6-4d3a-8633-cdd0ad918fad-140037709906048","trial_id":0,"param_name":"stop_k","param_value_internal":3.0,"distribution":"{\"name\": \"IntDistribution\", \"attributes\": {\"log\": false, \"step\": 1, \"low\": 0, \"high\": 6}}"}
{"op_code":7,"worker_id":"675bd118-19e6-4d3a-8633-cdd0ad918fad-140037709906048","trial_id":0,"step":1,"intermediate_value":-0.03300507637838211}
{"op_code":7,"worker_id":"675bd118-19e6-4d3a-8633-cdd0ad918fad-140037709906048","trial_id":0,"step":2,"intermediate_value":-0.24939886784998566}
{"op_code":8,"worker_id":"675bd118-19e6-4d3a-8633-cdd0ad918fad-140037709906048","trial_id":0,"user_attr":{"n_trades":1926}}
{"op_code":8,"worker_id":"675bd118-19e6-4d3a-8633-cdd0ad918fad-140037709906048","trial_id":0,"user_attr":{"cagr":-0.030454235093203774}}
{"op_code":8,"worker_id":"675bd118-19e6-4d3a-8633-cdd0ad918fad-140037709906048","trial_id":0,"user_attr":{"max_drawdown":-0.14941248862116718}}
{"op_code":8,"worker_id":"675bd118-19e6-4d3a-8633-cdd0ad918fad-140037709906048","trial_id":0,"user_attr":{"sharpe_raw":-0.34163945678104707}}
{"op_code":6,"worker_id":"675bd118-19e6-4d3a-8633-cdd0ad918fad-140037709906048","trial_id":0,"state":1,"values":[-0.34163945678104707],"datetime_complete":"2026-09-30T17:19:17.731207+00:00"}
{"op_code":4,"worker_id":"675bd118-19e6-4d3a-8633-cdd0ad918fad-140037709906048","study_id":0,"datetime_start":"2026-09-30T17:19:17.734028+00:00"}
{"op_code":5,"worker_id":"675bd118-19e6-4d3a-8633-cdd0ad918fad-140037709906048","trial_id":1,"param_name":"lookback","param_value_internal":2.0,"distribution":"{\"name\": \"IntDistribution\", \"attributes\": {\"log\": false, \"step\": 1, \"low\": 0, \"high\": 2}}"}
{"op_code":5,"worker_id":"675bd118-19e6-4d3a-8633-cdd0ad918fad-140037709906048","trial_id":1,"param_name":"threshold","param_value_internal":3.0,"distribution":"{\"name\": \"IntDistribution\", \"attributes\": {\"log\": false, \"step\": 1, \"low\": 0, \"high\": 6}}"}
{"op_code":5,"worker_id":"675bd118-19e6-4d3a-8633-cdd0ad918fad-140037709906048","trial_id":1,"param_name":"alpha","param_value_internal":2.0,"distribution":"{\"name\": \"IntDistribution\", \"attributes\": {\"log\": false, \"step\": 1, \"low\": 0, \"high\": 3}}"}
{"op_code":5,"worker_id":"675bd118-19e6-4d3a-8633-cdd0ad918fad-140037709906048","trial_id":1,"param_name":"z_window","param_value_internal":0.0,"distribution":"{\"name\": \"IntDistribution\", \"attributes\": {\"log\": false, \"step\": 1, \"low\": 0, \"high\": 2}}"}
{"op_code":5,"worker_id":"675bd118-19e6-4d3a-8633-cdd0ad918fad-140037709906048","trial_id":1,"param_name":"entry_z","param_value_internal":2.0,"distribution":"{\"name\": \"IntDistribution\", \"attributes\": {\"log\": false, \"step\": 1, \"low\": 0, \"high\": 6}}"}
{"op_code":5,"worker_id":"675bd118-19e6-4d3a-8633-cdd0ad918fad-140037709906048","trial_id":1,"param_name":"exit_z","param_value_internal":3.0,"distribution":"{\"name\": \"IntDistribution\", \"attributes\": {\"log\": false, \"step\": 1, \"low\": 0, \"high\": 4}}"}
{"op_code":5,"worker_id":"675bd118-19e6-4d3a-8633-cdd0ad918fad-140037709906048","trial_id":1,"param_name":"max_hold","param_value_internal":3.0,"distribution":"{\"name\": \"IntDistribution\", \"attributes\": {\"log\": false, \"step\": 1, \"low\": 0, \"high\": 3}}"}
{"op_code":5,"worker_id":"675bd118-19e6-4d3a-8633-cdd0ad918fad-140037709906048","trial_id":1,"param_name":"stop_k","param_value_internal":2.0,"distribution":"{\"name\": \"IntDistribution\", \"attributes\": {\"log\": false, \"step\": 1, \"low\": 0, \"high\": 6}}"}
{"op_code":7,"worker_id":"675bd118-19e6-4d3a-8633-cdd0ad918fad-140037709906048","trial_id":1,"step":1,"intermediate_value":0.9819684853533048}
{"op_code":7,"worker_id":"675bd118-19e6-4d3a-8633-cdd0ad918fad-140037709906048","trial_id":1,"step":2,"intermediate_value":-0.10473689257656044}
{"op_code":8,"worker_id":"675bd118-19e6-4d3a-8633-cdd0ad918fad-140037709906048","trial_id":1,"user_attr":{"n_trades":2035}}
{"op_code":8,"worker_id":"675bd118-19e6-4d3a-8633-cdd0ad918fad-140037709906048","trial_id":1,"user_attr":{"cagr":-0.030259849613198275}}
{"op_code":8,"worker_id":"675bd118-19e6-4d3a-8633-cdd0ad918fad-140037709906048","trial_id":1,"user_attr":{"max_drawdown":-0.18805991223737695}}
{"op_code":8,"worker_id":"675bd118-19e6-4d3a-8633-cdd0ad918fad-140037709906048","trial_id":1,"user_attr":{"sharpe_raw":-0.3401035774587305}}
{"op_code":6,"worker_id":"675bd118-19e6-4d3a-8633-cdd0ad918fad-140037709906048","trial_id":1,"state":1,"values":[-0.3401035774587305],"datetime_complete":"2026-09-30T17:19:21.922775+00:00"}
{"op_code":4,"worker_id":"675bd118-19e6-4d3a-8633-cdd0ad918fad-140037709906048","study_id":0,"datetime_start":"2026-09-30T17:19:21.923378+00:00"}
{"op_code":5,"worker_id":"675bd118-19e6-4d3a-8633-cdd0ad918fad-140037709906048","trial_id":2,"param_name":"lookback","param_value_internal":0.0,"distribution":"{\"name\": \"IntDistribution\", \"attributes\": {\"log\": false, \"step\": 1, \"low\": 0, \"high\": 2}}"}
{"op_code":5,"worker_id":"675bd118-19e6-4d3a-8633-cdd0ad918fad-140037709906048","trial_id":2,"param_name":"threshold","param_value_internal":5.0,"distribution":"{\"name\": \"IntDistribution\", \"attributes\": {\"log\": false, \"step\": 1, \"low\": 0, \"high\": 6}}"}
{"op_code":5,"worker_id":"675bd118-19e6-4d3a-8633-cdd0ad918fad-140037709906048","trial_id":2,"param_name":"alpha","param_value_internal":1.0,"distribution":"{\"name\": \"IntDistribution\", \"attributes\": {\"log\": false, \"step\": 1, \"low\": 0, \"high\": 3}}"}
{"op_code":5,"worker_id":"675bd118-19e6-4d3a-8633-cdd0ad918fad-140037709906048","trial_id":2,"param_name":"z_window","param_value_internal":1.0,"distribution":"{\"name\": \"IntDistribution\", \"attributes\": {\"log\": false, \"step\": 1, \"low\": 0, \"high\": 2}}"}
{"op_code":5,"worker_id":"675bd118-19e6-4d3a-8633-cdd0ad918fad-140037709906048","trial_id":2,"param_name":"entry_z","param_value_internal":0.0,"distribution":"{\"name\": \"IntDistribution\", \"attributes\": {\"log\": false, \"step\": 1, \"low\": 0, \"high\": 6}}"}
{"op_code":5,"worker_id":"675bd118-19e6-4d3a-8633-cdd0ad918fad-140037709906048","trial_id":2,"param_name":"exit_z","param_value_internal":1.0,"distribution":"{\"name\": \"IntDistribution\", \"attributes\": {\"log\": false, \"step\": 1, \"low\": 0, \"high\": 4}}"}
{"op_code":5,"worker_id":"675bd118-19e6-4d3a-8633-cdd0ad918fad-140037709906048","trial_id":2,"param_name":"max_hold","param_value_internal":0.0,"distribution":"{\"name\": \"IntDistribution\", \"attributes\": {\"log\": false, \"step\": 1, \"low\": 0, \"high\": 3}}"}
{"op_code":5,"worker_id":"675bd118-19e6-4d3a-8633-cdd0ad918fad-140037709906048","trial_id":2,"param_name":"stop_k","param_value_internal":2.0,"distribution":"{\"name\": \"IntDistribution\", \"attributes\": {\"log\": false, \"step\": 1, \"low\": 0, \"high\": 6}}"}
